[2.128s] Invoking command in '/home/enriques/rs2/src/build/connect4_py': PYTHONPATH=/home/enriques/rs2/src/build/connect4_py/prefix_override:/usr/lib/python3/dist-packages/colcon_core/task/python/colcon_distutils_commands:/home/enriques/rs2/src/install/connect4_py/lib/python3.10/site-packages:${PYTHONPATH} /usr/bin/python3 -W ignore:setup.py install is deprecated -W ignore:easy_install command is deprecated setup.py develop --editable --build-directory /home/enriques/rs2/src/build/connect4_py/build --no-deps symlink_data
[2.776s] running develop
[3.125s] running egg_info
[3.125s] creating connect4_py.egg-info
[3.126s] writing connect4_py.egg-info/PKG-INFO
[3.126s] writing dependency_links to connect4_py.egg-info/dependency_links.txt
[3.127s] writing entry points to connect4_py.egg-info/entry_points.txt
[3.127s] writing requirements to connect4_py.egg-info/requires.txt
[3.128s] writing top-level names to connect4_py.egg-info/top_level.txt
[3.128s] writing manifest file 'connect4_py.egg-info/SOURCES.txt'
[3.131s] reading manifest file 'connect4_py.egg-info/SOURCES.txt'
[3.132s] writing manifest file 'connect4_py.egg-info/SOURCES.txt'
[3.136s] running build_ext
[3.136s] Creating /home/enriques/rs2/src/install/connect4_py/lib/python3.10/site-packages/connect4-py.egg-link (link to .)
[3.139s] Installing connect4_node script to /home/enriques/rs2/src/install/connect4_py/lib/connect4_py
[3.140s] 
[3.141s] Installed /home/enriques/rs2/src/build/connect4_py
[3.141s] running symlink_data
[3.142s] creating /home/enriques/rs2/src/install/connect4_py/share/ament_index
[3.142s] creating /home/enriques/rs2/src/install/connect4_py/share/ament_index/resource_index
[3.142s] creating /home/enriques/rs2/src/install/connect4_py/share/ament_index/resource_index/packages
[3.143s] symbolically linking /home/enriques/rs2/src/build/connect4_py/resource/connect4_py -> /home/enriques/rs2/src/install/connect4_py/share/ament_index/resource_index/packages
[3.143s] symbolically linking /home/enriques/rs2/src/build/connect4_py/package.xml -> /home/enriques/rs2/src/install/connect4_py/share/connect4_py
[3.200s] Invoked command in '/home/enriques/rs2/src/build/connect4_py' returned '0': PYTHONPATH=/home/enriques/rs2/src/build/connect4_py/prefix_override:/usr/lib/python3/dist-packages/colcon_core/task/python/colcon_distutils_commands:/home/enriques/rs2/src/install/connect4_py/lib/python3.10/site-packages:${PYTHONPATH} /usr/bin/python3 -W ignore:setup.py install is deprecated -W ignore:easy_install command is deprecated setup.py develop --editable --build-directory /home/enriques/rs2/src/build/connect4_py/build --no-deps symlink_data
