[0.503s] DEBUG:colcon:Command line arguments: ['/usr/bin/colcon', 'build', '--symlink-install']
[0.504s] DEBUG:colcon:Parsed command line arguments: Namespace(log_base=None, log_level=None, verb_name='build', build_base='build', install_base='install', merge_install=False, symlink_install=True, test_result_base=None, continue_on_error=False, executor='parallel', parallel_workers=8, event_handlers=None, ignore_user_meta=False, metas=['./colcon.meta'], base_paths=['.'], packages_ignore=None, packages_ignore_regex=None, paths=None, packages_up_to=None, packages_up_to_regex=None, packages_above=None, packages_above_and_dependencies=None, packages_above_depth=None, packages_select_by_dep=None, packages_skip_by_dep=None, packages_skip_up_to=None, packages_select_build_failed=False, packages_skip_build_finished=False, packages_select_test_failures=False, packages_skip_test_passed=False, packages_select=None, packages_skip=None, packages_select_regex=None, packages_skip_regex=None, packages_start=None, packages_end=None, allow_overriding=[], cmake_args=None, cmake_target=None, cmake_target_skip_unavailable=False, cmake_clean_cache=False, cmake_clean_first=False, cmake_force_configure=False, ament_cmake_args=None, catkin_cmake_args=None, catkin_skip_building_tests=False, mixin_files=None, mixin=None, verb_parser=<colcon_mixin.mixin.mixin_argument.MixinArgumentDecorator object at 0x77fa7385e4d0>, verb_extension=<colcon_core.verb.build.BuildVerb object at 0x77fa7385dcc0>, main=<bound method BuildVerb.main of <colcon_core.verb.build.BuildVerb object at 0x77fa7385dcc0>>, mixin_verb=('build',))
[1.144s] Level 1:colcon.colcon_core.package_discovery:discover_packages(colcon_meta) check parameters
[1.145s] Level 1:colcon.colcon_core.package_discovery:discover_packages(recursive) check parameters
[1.145s] Level 1:colcon.colcon_core.package_discovery:discover_packages(ignore) check parameters
[1.145s] Level 1:colcon.colcon_core.package_discovery:discover_packages(path) check parameters
[1.145s] Level 1:colcon.colcon_core.package_discovery:discover_packages(colcon_meta) discover
[1.146s] Level 1:colcon.colcon_core.package_discovery:discover_packages(recursive) discover
[1.146s] INFO:colcon.colcon_core.package_discovery:Crawling recursively for packages in '/home/enriques/rs2/src'
[1.146s] Level 1:colcon.colcon_core.package_identification:_identify(.) by extensions ['ignore', 'ignore_ament_install']
[1.146s] Level 1:colcon.colcon_core.package_identification:_identify(.) by extension 'ignore'
[1.147s] Level 1:colcon.colcon_core.package_identification:_identify(.) by extension 'ignore_ament_install'
[1.147s] Level 1:colcon.colcon_core.package_identification:_identify(.) by extensions ['colcon_pkg']
[1.147s] Level 1:colcon.colcon_core.package_identification:_identify(.) by extension 'colcon_pkg'
[1.147s] Level 1:colcon.colcon_core.package_identification:_identify(.) by extensions ['colcon_meta']
[1.147s] Level 1:colcon.colcon_core.package_identification:_identify(.) by extension 'colcon_meta'
[1.148s] Level 1:colcon.colcon_core.package_identification:_identify(.) by extensions ['ros']
[1.148s] Level 1:colcon.colcon_core.package_identification:_identify(.) by extension 'ros'
[1.185s] Level 1:colcon.colcon_core.package_identification:_identify(.) by extensions ['cmake', 'python']
[1.185s] Level 1:colcon.colcon_core.package_identification:_identify(.) by extension 'cmake'
[1.185s] Level 1:colcon.colcon_core.package_identification:_identify(.) by extension 'python'
[1.185s] Level 1:colcon.colcon_core.package_identification:_identify(.) by extensions ['python_setup_py']
[1.186s] Level 1:colcon.colcon_core.package_identification:_identify(.) by extension 'python_setup_py'
[1.186s] Level 1:colcon.colcon_core.package_identification:_identify(build) by extensions ['ignore', 'ignore_ament_install']
[1.186s] Level 1:colcon.colcon_core.package_identification:_identify(build) by extension 'ignore'
[1.187s] Level 1:colcon.colcon_core.package_identification:_identify(build) ignored
[1.187s] Level 1:colcon.colcon_core.package_identification:_identify(connect4_py) by extensions ['ignore', 'ignore_ament_install']
[1.187s] Level 1:colcon.colcon_core.package_identification:_identify(connect4_py) by extension 'ignore'
[1.188s] Level 1:colcon.colcon_core.package_identification:_identify(connect4_py) by extension 'ignore_ament_install'
[1.188s] Level 1:colcon.colcon_core.package_identification:_identify(connect4_py) by extensions ['colcon_pkg']
[1.188s] Level 1:colcon.colcon_core.package_identification:_identify(connect4_py) by extension 'colcon_pkg'
[1.188s] Level 1:colcon.colcon_core.package_identification:_identify(connect4_py) by extensions ['colcon_meta']
[1.188s] Level 1:colcon.colcon_core.package_identification:_identify(connect4_py) by extension 'colcon_meta'
[1.188s] Level 1:colcon.colcon_core.package_identification:_identify(connect4_py) by extensions ['ros']
[1.189s] Level 1:colcon.colcon_core.package_identification:_identify(connect4_py) by extension 'ros'
[1.197s] DEBUG:colcon.colcon_core.package_identification:Package 'connect4_py' with type 'ros.ament_python' and name 'connect4_py'
[1.198s] Level 1:colcon.colcon_core.package_identification:_identify(install) by extensions ['ignore', 'ignore_ament_install']
[1.198s] Level 1:colcon.colcon_core.package_identification:_identify(install) by extension 'ignore'
[1.198s] Level 1:colcon.colcon_core.package_identification:_identify(install) ignored
[1.199s] Level 1:colcon.colcon_core.package_identification:_identify(log) by extensions ['ignore', 'ignore_ament_install']
[1.199s] Level 1:colcon.colcon_core.package_identification:_identify(log) by extension 'ignore'
[1.199s] Level 1:colcon.colcon_core.package_identification:_identify(log) ignored
[1.199s] Level 1:colcon.colcon_core.package_discovery:discover_packages(recursive) using defaults
[1.199s] Level 1:colcon.colcon_core.package_discovery:discover_packages(ignore) discover
[1.200s] Level 1:colcon.colcon_core.package_discovery:discover_packages(ignore) using defaults
[1.200s] Level 1:colcon.colcon_core.package_discovery:discover_packages(path) discover
[1.200s] Level 1:colcon.colcon_core.package_discovery:discover_packages(path) using defaults
[1.282s] Level 1:colcon.colcon_core.package_discovery:discover_packages(prefix_path) check parameters
[1.282s] Level 1:colcon.colcon_core.package_discovery:discover_packages(prefix_path) discover
[1.285s] WARNING:colcon.colcon_ros.prefix_path.ament:The path '/home/enriques/rs2/src/install/connect4_py' in the environment variable AMENT_PREFIX_PATH doesn't exist
[1.288s] DEBUG:colcon.colcon_installed_package_information.package_discovery:Found 0 installed packages in /home/enriques/rs2/src/install
[1.289s] DEBUG:colcon.colcon_installed_package_information.package_discovery:Found 0 installed packages in /home/enriques/ros2_ws/install
[1.295s] DEBUG:colcon.colcon_installed_package_information.package_discovery:Found 318 installed packages in /opt/ros/humble
[1.301s] Level 1:colcon.colcon_core.package_discovery:discover_packages(prefix_path) using defaults
[1.442s] Level 5:colcon.colcon_core.verb:set package 'connect4_py' build argument 'cmake_args' from command line to 'None'
[1.442s] Level 5:colcon.colcon_core.verb:set package 'connect4_py' build argument 'cmake_target' from command line to 'None'
[1.443s] Level 5:colcon.colcon_core.verb:set package 'connect4_py' build argument 'cmake_target_skip_unavailable' from command line to 'False'
[1.443s] Level 5:colcon.colcon_core.verb:set package 'connect4_py' build argument 'cmake_clean_cache' from command line to 'False'
[1.443s] Level 5:colcon.colcon_core.verb:set package 'connect4_py' build argument 'cmake_clean_first' from command line to 'False'
[1.443s] Level 5:colcon.colcon_core.verb:set package 'connect4_py' build argument 'cmake_force_configure' from command line to 'False'
[1.443s] Level 5:colcon.colcon_core.verb:set package 'connect4_py' build argument 'ament_cmake_args' from command line to 'None'
[1.443s] Level 5:colcon.colcon_core.verb:set package 'connect4_py' build argument 'catkin_cmake_args' from command line to 'None'
[1.443s] Level 5:colcon.colcon_core.verb:set package 'connect4_py' build argument 'catkin_skip_building_tests' from command line to 'False'
[1.443s] DEBUG:colcon.colcon_core.verb:Building package 'connect4_py' with the following arguments: {'ament_cmake_args': None, 'build_base': '/home/enriques/rs2/src/build/connect4_py', 'catkin_cmake_args': None, 'catkin_skip_building_tests': False, 'cmake_args': None, 'cmake_clean_cache': False, 'cmake_clean_first': False, 'cmake_force_configure': False, 'cmake_target': None, 'cmake_target_skip_unavailable': False, 'install_base': '/home/enriques/rs2/src/install/connect4_py', 'merge_install': False, 'path': '/home/enriques/rs2/src/connect4_py', 'symlink_install': True, 'test_result_base': None}
[1.444s] INFO:colcon.colcon_core.executor:Executing jobs using 'parallel' executor
[1.447s] DEBUG:colcon.colcon_parallel_executor.executor.parallel:run_until_complete
[1.447s] INFO:colcon.colcon_ros.task.ament_python.build:Building ROS package in '/home/enriques/rs2/src/connect4_py' with build type 'ament_python'
[1.448s] Level 1:colcon.colcon_core.shell:create_environment_hook('connect4_py', 'ament_prefix_path')
[1.454s] INFO:colcon.colcon_core.plugin_system:Skipping extension 'colcon_core.shell.bat': Not used on non-Windows systems
[1.454s] INFO:colcon.colcon_core.shell:Creating environment hook '/home/enriques/rs2/src/install/connect4_py/share/connect4_py/hook/ament_prefix_path.ps1'
[1.459s] INFO:colcon.colcon_core.shell:Creating environment descriptor '/home/enriques/rs2/src/install/connect4_py/share/connect4_py/hook/ament_prefix_path.dsv'
[1.460s] INFO:colcon.colcon_core.shell:Creating environment hook '/home/enriques/rs2/src/install/connect4_py/share/connect4_py/hook/ament_prefix_path.sh'
[1.461s] INFO:colcon.colcon_core.shell:Skip shell extension 'powershell' for command environment: Not usable outside of PowerShell
[1.462s] DEBUG:colcon.colcon_core.shell:Skip shell extension 'dsv' for command environment
[2.262s] INFO:colcon.colcon_core.task.python.build:Building Python package in '/home/enriques/rs2/src/connect4_py'
[2.263s] INFO:colcon.colcon_core.shell:Skip shell extension 'powershell' for command environment: Not usable outside of PowerShell
[2.263s] DEBUG:colcon.colcon_core.shell:Skip shell extension 'dsv' for command environment
[3.390s] DEBUG:colcon.colcon_core.event_handler.log_command:Invoking command in '/home/enriques/rs2/src/build/connect4_py': PYTHONPATH=/home/enriques/rs2/src/build/connect4_py/prefix_override:/usr/lib/python3/dist-packages/colcon_core/task/python/colcon_distutils_commands:/home/enriques/rs2/src/install/connect4_py/lib/python3.10/site-packages:${PYTHONPATH} /usr/bin/python3 -W ignore:setup.py install is deprecated -W ignore:easy_install command is deprecated setup.py develop --editable --build-directory /home/enriques/rs2/src/build/connect4_py/build --no-deps symlink_data
[4.680s] Level 1:colcon.colcon_core.shell:create_environment_hook('connect4_py', 'pythonpath_develop')
[4.681s] INFO:colcon.colcon_core.shell:Creating environment hook '/home/enriques/rs2/src/build/connect4_py/share/connect4_py/hook/pythonpath_develop.ps1'
[4.683s] DEBUG:colcon.colcon_core.event_handler.log_command:Invoked command in '/home/enriques/rs2/src/build/connect4_py' returned '0': PYTHONPATH=/home/enriques/rs2/src/build/connect4_py/prefix_override:/usr/lib/python3/dist-packages/colcon_core/task/python/colcon_distutils_commands:/home/enriques/rs2/src/install/connect4_py/lib/python3.10/site-packages:${PYTHONPATH} /usr/bin/python3 -W ignore:setup.py install is deprecated -W ignore:easy_install command is deprecated setup.py develop --editable --build-directory /home/enriques/rs2/src/build/connect4_py/build --no-deps symlink_data
[4.686s] INFO:colcon.colcon_core.shell:Creating environment descriptor '/home/enriques/rs2/src/build/connect4_py/share/connect4_py/hook/pythonpath_develop.dsv'
[4.688s] INFO:colcon.colcon_core.shell:Creating environment hook '/home/enriques/rs2/src/build/connect4_py/share/connect4_py/hook/pythonpath_develop.sh'
[4.694s] Level 1:colcon.colcon_core.environment:checking '/home/enriques/rs2/src/install/connect4_py' for CMake module files
[4.695s] Level 1:colcon.colcon_core.environment:checking '/home/enriques/rs2/src/install/connect4_py' for CMake config files
[4.697s] Level 1:colcon.colcon_core.environment:checking '/home/enriques/rs2/src/install/connect4_py/lib'
[4.697s] Level 1:colcon.colcon_core.environment:checking '/home/enriques/rs2/src/install/connect4_py/bin'
[4.698s] Level 1:colcon.colcon_core.environment:checking '/home/enriques/rs2/src/install/connect4_py/lib/pkgconfig/connect4_py.pc'
[4.698s] Level 1:colcon.colcon_core.environment:checking '/home/enriques/rs2/src/install/connect4_py/lib/python3.10/site-packages'
[4.699s] Level 1:colcon.colcon_core.shell:create_environment_hook('connect4_py', 'pythonpath')
[4.700s] INFO:colcon.colcon_core.shell:Creating environment hook '/home/enriques/rs2/src/install/connect4_py/share/connect4_py/hook/pythonpath.ps1'
[4.701s] INFO:colcon.colcon_core.shell:Creating environment descriptor '/home/enriques/rs2/src/install/connect4_py/share/connect4_py/hook/pythonpath.dsv'
[4.702s] INFO:colcon.colcon_core.shell:Creating environment hook '/home/enriques/rs2/src/install/connect4_py/share/connect4_py/hook/pythonpath.sh'
[4.704s] Level 1:colcon.colcon_core.environment:checking '/home/enriques/rs2/src/install/connect4_py/bin'
[4.704s] Level 1:colcon.colcon_core.environment:create_environment_scripts_only(connect4_py)
[4.705s] INFO:colcon.colcon_core.shell:Creating package script '/home/enriques/rs2/src/install/connect4_py/share/connect4_py/package.ps1'
[4.707s] INFO:colcon.colcon_core.shell:Creating package descriptor '/home/enriques/rs2/src/install/connect4_py/share/connect4_py/package.dsv'
[4.709s] INFO:colcon.colcon_core.shell:Creating package script '/home/enriques/rs2/src/install/connect4_py/share/connect4_py/package.sh'
[4.712s] INFO:colcon.colcon_core.shell:Creating package script '/home/enriques/rs2/src/install/connect4_py/share/connect4_py/package.bash'
[4.715s] INFO:colcon.colcon_core.shell:Creating package script '/home/enriques/rs2/src/install/connect4_py/share/connect4_py/package.zsh'
[4.717s] Level 1:colcon.colcon_core.environment:create_file_with_runtime_dependencies(/home/enriques/rs2/src/install/connect4_py/share/colcon-core/packages/connect4_py)
[4.720s] DEBUG:colcon.colcon_parallel_executor.executor.parallel:closing loop
[4.722s] DEBUG:colcon.colcon_parallel_executor.executor.parallel:loop closed
[4.723s] DEBUG:colcon.colcon_parallel_executor.executor.parallel:run_until_complete finished with '0'
[4.723s] DEBUG:colcon.colcon_core.event_reactor:joining thread
[4.816s] INFO:colcon.colcon_core.plugin_system:Skipping extension 'colcon_notification.desktop_notification.notify_send': Could not find 'notify-send'
[4.816s] INFO:colcon.colcon_core.plugin_system:Skipping extension 'colcon_notification.desktop_notification.terminal_notifier': Not used on non-Darwin systems
[4.816s] INFO:colcon.colcon_core.plugin_system:Skipping extension 'colcon_notification.desktop_notification.win32': Not used on non-Windows systems
[4.816s] INFO:colcon.colcon_notification.desktop_notification:Sending desktop notification using 'notify2'
[4.818s] DEBUG:colcon.colcon_notification.desktop_notification.notify2:Failed to initialize notify2: org.freedesktop.DBus.Error.ServiceUnknown: The name org.freedesktop.Notifications was not provided by any .service files
[4.818s] DEBUG:colcon.colcon_core.event_reactor:joined thread
[4.819s] INFO:colcon.colcon_core.shell:Creating prefix script '/home/enriques/rs2/src/install/local_setup.ps1'
[4.821s] INFO:colcon.colcon_core.shell:Creating prefix util module '/home/enriques/rs2/src/install/_local_setup_util_ps1.py'
[4.823s] INFO:colcon.colcon_core.shell:Creating prefix chain script '/home/enriques/rs2/src/install/setup.ps1'
[4.825s] INFO:colcon.colcon_core.shell:Creating prefix script '/home/enriques/rs2/src/install/local_setup.sh'
[4.827s] INFO:colcon.colcon_core.shell:Creating prefix util module '/home/enriques/rs2/src/install/_local_setup_util_sh.py'
[4.828s] INFO:colcon.colcon_core.shell:Creating prefix chain script '/home/enriques/rs2/src/install/setup.sh'
[4.831s] INFO:colcon.colcon_core.shell:Creating prefix script '/home/enriques/rs2/src/install/local_setup.bash'
[4.832s] INFO:colcon.colcon_core.shell:Creating prefix chain script '/home/enriques/rs2/src/install/setup.bash'
[4.834s] INFO:colcon.colcon_core.shell:Creating prefix script '/home/enriques/rs2/src/install/local_setup.zsh'
[4.836s] INFO:colcon.colcon_core.shell:Creating prefix chain script '/home/enriques/rs2/src/install/setup.zsh'
