[0.371s] DEBUG:colcon:Command line arguments: ['/usr/bin/colcon', 'build', '--symlink-install']
[0.371s] DEBUG:colcon:Parsed command line arguments: Namespace(log_base=None, log_level=None, verb_name='build', build_base='build', install_base='install', merge_install=False, symlink_install=True, test_result_base=None, continue_on_error=False, executor='parallel', parallel_workers=8, event_handlers=None, ignore_user_meta=False, metas=['./colcon.meta'], base_paths=['.'], packages_ignore=None, packages_ignore_regex=None, paths=None, packages_up_to=None, packages_up_to_regex=None, packages_above=None, packages_above_and_dependencies=None, packages_above_depth=None, packages_select_by_dep=None, packages_skip_by_dep=None, packages_skip_up_to=None, packages_select_build_failed=False, packages_skip_build_finished=False, packages_select_test_failures=False, packages_skip_test_passed=False, packages_select=None, packages_skip=None, packages_select_regex=None, packages_skip_regex=None, packages_start=None, packages_end=None, allow_overriding=[], cmake_args=None, cmake_target=None, cmake_target_skip_unavailable=False, cmake_clean_cache=False, cmake_clean_first=False, cmake_force_configure=False, ament_cmake_args=None, catkin_cmake_args=None, catkin_skip_building_tests=False, mixin_files=None, mixin=None, verb_parser=<colcon_mixin.mixin.mixin_argument.MixinArgumentDecorator object at 0x76be95f664d0>, verb_extension=<colcon_core.verb.build.BuildVerb object at 0x76be95f65cc0>, main=<bound method BuildVerb.main of <colcon_core.verb.build.BuildVerb object at 0x76be95f65cc0>>, mixin_verb=('build',))
[0.972s] Level 1:colcon.colcon_core.package_discovery:discover_packages(colcon_meta) check parameters
[0.973s] Level 1:colcon.colcon_core.package_discovery:discover_packages(recursive) check parameters
[0.974s] Level 1:colcon.colcon_core.package_discovery:discover_packages(ignore) check parameters
[0.974s] Level 1:colcon.colcon_core.package_discovery:discover_packages(path) check parameters
[0.974s] Level 1:colcon.colcon_core.package_discovery:discover_packages(colcon_meta) discover
[0.974s] Level 1:colcon.colcon_core.package_discovery:discover_packages(recursive) discover
[0.974s] INFO:colcon.colcon_core.package_discovery:Crawling recursively for packages in '/home/enriques/rs2/src'
[0.974s] Level 1:colcon.colcon_core.package_identification:_identify(.) by extensions ['ignore', 'ignore_ament_install']
[0.974s] Level 1:colcon.colcon_core.package_identification:_identify(.) by extension 'ignore'
[0.974s] Level 1:colcon.colcon_core.package_identification:_identify(.) by extension 'ignore_ament_install'
[0.975s] Level 1:colcon.colcon_core.package_identification:_identify(.) by extensions ['colcon_pkg']
[0.975s] Level 1:colcon.colcon_core.package_identification:_identify(.) by extension 'colcon_pkg'
[0.975s] Level 1:colcon.colcon_core.package_identification:_identify(.) by extensions ['colcon_meta']
[0.975s] Level 1:colcon.colcon_core.package_identification:_identify(.) by extension 'colcon_meta'
[0.975s] Level 1:colcon.colcon_core.package_identification:_identify(.) by extensions ['ros']
[0.975s] Level 1:colcon.colcon_core.package_identification:_identify(.) by extension 'ros'
[1.207s] Level 1:colcon.colcon_core.package_identification:_identify(.) by extensions ['cmake', 'python']
[1.207s] Level 1:colcon.colcon_core.package_identification:_identify(.) by extension 'cmake'
[1.207s] Level 1:colcon.colcon_core.package_identification:_identify(.) by extension 'python'
[1.207s] Level 1:colcon.colcon_core.package_identification:_identify(.) by extensions ['python_setup_py']
[1.207s] Level 1:colcon.colcon_core.package_identification:_identify(.) by extension 'python_setup_py'
[1.207s] Level 1:colcon.colcon_core.package_identification:_identify(build) by extensions ['ignore', 'ignore_ament_install']
[1.208s] Level 1:colcon.colcon_core.package_identification:_identify(build) by extension 'ignore'
[1.208s] Level 1:colcon.colcon_core.package_identification:_identify(build) ignored
[1.208s] Level 1:colcon.colcon_core.package_identification:_identify(connect4_py) by extensions ['ignore', 'ignore_ament_install']
[1.208s] Level 1:colcon.colcon_core.package_identification:_identify(connect4_py) by extension 'ignore'
[1.208s] Level 1:colcon.colcon_core.package_identification:_identify(connect4_py) by extension 'ignore_ament_install'
[1.208s] Level 1:colcon.colcon_core.package_identification:_identify(connect4_py) by extensions ['colcon_pkg']
[1.208s] Level 1:colcon.colcon_core.package_identification:_identify(connect4_py) by extension 'colcon_pkg'
[1.208s] Level 1:colcon.colcon_core.package_identification:_identify(connect4_py) by extensions ['colcon_meta']
[1.208s] Level 1:colcon.colcon_core.package_identification:_identify(connect4_py) by extension 'colcon_meta'
[1.209s] Level 1:colcon.colcon_core.package_identification:_identify(connect4_py) by extensions ['ros']
[1.209s] Level 1:colcon.colcon_core.package_identification:_identify(connect4_py) by extension 'ros'
[1.315s] DEBUG:colcon.colcon_core.package_identification:Package 'connect4_py' with type 'ros.ament_python' and name 'connect4_py'
[1.315s] Level 1:colcon.colcon_core.package_identification:_identify(install) by extensions ['ignore', 'ignore_ament_install']
[1.315s] Level 1:colcon.colcon_core.package_identification:_identify(install) by extension 'ignore'
[1.315s] Level 1:colcon.colcon_core.package_identification:_identify(install) ignored
[1.316s] Level 1:colcon.colcon_core.package_identification:_identify(log) by extensions ['ignore', 'ignore_ament_install']
[1.316s] Level 1:colcon.colcon_core.package_identification:_identify(log) by extension 'ignore'
[1.316s] Level 1:colcon.colcon_core.package_identification:_identify(log) ignored
[1.316s] Level 1:colcon.colcon_core.package_discovery:discover_packages(recursive) using defaults
[1.316s] Level 1:colcon.colcon_core.package_discovery:discover_packages(ignore) discover
[1.316s] Level 1:colcon.colcon_core.package_discovery:discover_packages(ignore) using defaults
[1.316s] Level 1:colcon.colcon_core.package_discovery:discover_packages(path) discover
[1.316s] Level 1:colcon.colcon_core.package_discovery:discover_packages(path) using defaults
[1.491s] Level 1:colcon.colcon_core.package_discovery:discover_packages(prefix_path) check parameters
[1.491s] Level 1:colcon.colcon_core.package_discovery:discover_packages(prefix_path) discover
[1.495s] WARNING:colcon.colcon_ros.prefix_path.ament:The path '/home/enriques/rs2/src/install/connect4_py' in the environment variable AMENT_PREFIX_PATH doesn't exist
[1.497s] DEBUG:colcon.colcon_installed_package_information.package_discovery:Found 0 installed packages in /home/enriques/rs2/src/install
[1.499s] DEBUG:colcon.colcon_installed_package_information.package_discovery:Found 0 installed packages in /home/enriques/ros2_ws/install
[1.502s] DEBUG:colcon.colcon_installed_package_information.package_discovery:Found 318 installed packages in /opt/ros/humble
[1.506s] Level 1:colcon.colcon_core.package_discovery:discover_packages(prefix_path) using defaults
[1.746s] Level 5:colcon.colcon_core.verb:set package 'connect4_py' build argument 'cmake_args' from command line to 'None'
[1.746s] Level 5:colcon.colcon_core.verb:set package 'connect4_py' build argument 'cmake_target' from command line to 'None'
[1.746s] Level 5:colcon.colcon_core.verb:set package 'connect4_py' build argument 'cmake_target_skip_unavailable' from command line to 'False'
[1.746s] Level 5:colcon.colcon_core.verb:set package 'connect4_py' build argument 'cmake_clean_cache' from command line to 'False'
[1.746s] Level 5:colcon.colcon_core.verb:set package 'connect4_py' build argument 'cmake_clean_first' from command line to 'False'
[1.746s] Level 5:colcon.colcon_core.verb:set package 'connect4_py' build argument 'cmake_force_configure' from command line to 'False'
[1.746s] Level 5:colcon.colcon_core.verb:set package 'connect4_py' build argument 'ament_cmake_args' from command line to 'None'
[1.746s] Level 5:colcon.colcon_core.verb:set package 'connect4_py' build argument 'catkin_cmake_args' from command line to 'None'
[1.747s] Level 5:colcon.colcon_core.verb:set package 'connect4_py' build argument 'catkin_skip_building_tests' from command line to 'False'
[1.747s] DEBUG:colcon.colcon_core.verb:Building package 'connect4_py' with the following arguments: {'ament_cmake_args': None, 'build_base': '/home/enriques/rs2/src/build/connect4_py', 'catkin_cmake_args': None, 'catkin_skip_building_tests': False, 'cmake_args': None, 'cmake_clean_cache': False, 'cmake_clean_first': False, 'cmake_force_configure': False, 'cmake_target': None, 'cmake_target_skip_unavailable': False, 'install_base': '/home/enriques/rs2/src/install/connect4_py', 'merge_install': False, 'path': '/home/enriques/rs2/src/connect4_py', 'symlink_install': True, 'test_result_base': None}
[1.747s] INFO:colcon.colcon_core.executor:Executing jobs using 'parallel' executor
[1.751s] DEBUG:colcon.colcon_parallel_executor.executor.parallel:run_until_complete
[1.751s] INFO:colcon.colcon_ros.task.ament_python.build:Building ROS package in '/home/enriques/rs2/src/connect4_py' with build type 'ament_python'
[1.752s] Level 1:colcon.colcon_core.shell:create_environment_hook('connect4_py', 'ament_prefix_path')
[1.764s] INFO:colcon.colcon_core.plugin_system:Skipping extension 'colcon_core.shell.bat': Not used on non-Windows systems
[1.764s] INFO:colcon.colcon_core.shell:Creating environment hook '/home/enriques/rs2/src/install/connect4_py/share/connect4_py/hook/ament_prefix_path.ps1'
[1.768s] INFO:colcon.colcon_core.shell:Creating environment descriptor '/home/enriques/rs2/src/install/connect4_py/share/connect4_py/hook/ament_prefix_path.dsv'
[1.769s] INFO:colcon.colcon_core.shell:Creating environment hook '/home/enriques/rs2/src/install/connect4_py/share/connect4_py/hook/ament_prefix_path.sh'
[1.772s] INFO:colcon.colcon_core.shell:Skip shell extension 'powershell' for command environment: Not usable outside of PowerShell
[1.772s] DEBUG:colcon.colcon_core.shell:Skip shell extension 'dsv' for command environment
[2.375s] INFO:colcon.colcon_core.task.python.build:Building Python package in '/home/enriques/rs2/src/connect4_py'
[2.375s] INFO:colcon.colcon_core.shell:Skip shell extension 'powershell' for command environment: Not usable outside of PowerShell
[2.376s] DEBUG:colcon.colcon_core.shell:Skip shell extension 'dsv' for command environment
[3.882s] DEBUG:colcon.colcon_core.event_handler.log_command:Invoking command in '/home/enriques/rs2/src/build/connect4_py': PYTHONPATH=/home/enriques/rs2/src/build/connect4_py/prefix_override:/usr/lib/python3/dist-packages/colcon_core/task/python/colcon_distutils_commands:/home/enriques/rs2/src/install/connect4_py/lib/python3.10/site-packages:${PYTHONPATH} /usr/bin/python3 -W ignore:setup.py install is deprecated -W ignore:easy_install command is deprecated setup.py develop --editable --build-directory /home/enriques/rs2/src/build/connect4_py/build --no-deps symlink_data
[4.952s] Level 1:colcon.colcon_core.shell:create_environment_hook('connect4_py', 'pythonpath_develop')
[4.953s] INFO:colcon.colcon_core.shell:Creating environment hook '/home/enriques/rs2/src/build/connect4_py/share/connect4_py/hook/pythonpath_develop.ps1'
[4.954s] DEBUG:colcon.colcon_core.event_handler.log_command:Invoked command in '/home/enriques/rs2/src/build/connect4_py' returned '0': PYTHONPATH=/home/enriques/rs2/src/build/connect4_py/prefix_override:/usr/lib/python3/dist-packages/colcon_core/task/python/colcon_distutils_commands:/home/enriques/rs2/src/install/connect4_py/lib/python3.10/site-packages:${PYTHONPATH} /usr/bin/python3 -W ignore:setup.py install is deprecated -W ignore:easy_install command is deprecated setup.py develop --editable --build-directory /home/enriques/rs2/src/build/connect4_py/build --no-deps symlink_data
[4.959s] INFO:colcon.colcon_core.shell:Creating environment descriptor '/home/enriques/rs2/src/build/connect4_py/share/connect4_py/hook/pythonpath_develop.dsv'
[4.960s] INFO:colcon.colcon_core.shell:Creating environment hook '/home/enriques/rs2/src/build/connect4_py/share/connect4_py/hook/pythonpath_develop.sh'
[4.975s] Level 1:colcon.colcon_core.environment:checking '/home/enriques/rs2/src/install/connect4_py' for CMake module files
[4.976s] Level 1:colcon.colcon_core.environment:checking '/home/enriques/rs2/src/install/connect4_py' for CMake config files
[4.977s] Level 1:colcon.colcon_core.environment:checking '/home/enriques/rs2/src/install/connect4_py/lib'
[4.978s] Level 1:colcon.colcon_core.environment:checking '/home/enriques/rs2/src/install/connect4_py/bin'
[4.978s] Level 1:colcon.colcon_core.environment:checking '/home/enriques/rs2/src/install/connect4_py/lib/pkgconfig/connect4_py.pc'
[4.978s] Level 1:colcon.colcon_core.environment:checking '/home/enriques/rs2/src/install/connect4_py/lib/python3.10/site-packages'
[4.978s] Level 1:colcon.colcon_core.shell:create_environment_hook('connect4_py', 'pythonpath')
[4.978s] INFO:colcon.colcon_core.shell:Creating environment hook '/home/enriques/rs2/src/install/connect4_py/share/connect4_py/hook/pythonpath.ps1'
[4.979s] INFO:colcon.colcon_core.shell:Creating environment descriptor '/home/enriques/rs2/src/install/connect4_py/share/connect4_py/hook/pythonpath.dsv'
[4.980s] INFO:colcon.colcon_core.shell:Creating environment hook '/home/enriques/rs2/src/install/connect4_py/share/connect4_py/hook/pythonpath.sh'
[4.980s] Level 1:colcon.colcon_core.environment:checking '/home/enriques/rs2/src/install/connect4_py/bin'
[4.981s] Level 1:colcon.colcon_core.environment:create_environment_scripts_only(connect4_py)
[4.981s] INFO:colcon.colcon_core.shell:Creating package script '/home/enriques/rs2/src/install/connect4_py/share/connect4_py/package.ps1'
[4.983s] INFO:colcon.colcon_core.shell:Creating package descriptor '/home/enriques/rs2/src/install/connect4_py/share/connect4_py/package.dsv'
[4.985s] INFO:colcon.colcon_core.shell:Creating package script '/home/enriques/rs2/src/install/connect4_py/share/connect4_py/package.sh'
[4.986s] INFO:colcon.colcon_core.shell:Creating package script '/home/enriques/rs2/src/install/connect4_py/share/connect4_py/package.bash'
[4.988s] INFO:colcon.colcon_core.shell:Creating package script '/home/enriques/rs2/src/install/connect4_py/share/connect4_py/package.zsh'
[4.989s] Level 1:colcon.colcon_core.environment:create_file_with_runtime_dependencies(/home/enriques/rs2/src/install/connect4_py/share/colcon-core/packages/connect4_py)
[4.991s] DEBUG:colcon.colcon_parallel_executor.executor.parallel:closing loop
[4.992s] DEBUG:colcon.colcon_parallel_executor.executor.parallel:loop closed
[4.992s] DEBUG:colcon.colcon_parallel_executor.executor.parallel:run_until_complete finished with '0'
[4.993s] DEBUG:colcon.colcon_core.event_reactor:joining thread
[5.056s] INFO:colcon.colcon_core.plugin_system:Skipping extension 'colcon_notification.desktop_notification.notify_send': Could not find 'notify-send'
[5.056s] INFO:colcon.colcon_core.plugin_system:Skipping extension 'colcon_notification.desktop_notification.terminal_notifier': Not used on non-Darwin systems
[5.056s] INFO:colcon.colcon_core.plugin_system:Skipping extension 'colcon_notification.desktop_notification.win32': Not used on non-Windows systems
[5.057s] INFO:colcon.colcon_notification.desktop_notification:Sending desktop notification using 'notify2'
[5.063s] DEBUG:colcon.colcon_notification.desktop_notification.notify2:Failed to initialize notify2: org.freedesktop.DBus.Error.ServiceUnknown: The name org.freedesktop.Notifications was not provided by any .service files
[5.063s] DEBUG:colcon.colcon_core.event_reactor:joined thread
[5.064s] INFO:colcon.colcon_core.shell:Creating prefix script '/home/enriques/rs2/src/install/local_setup.ps1'
[5.067s] INFO:colcon.colcon_core.shell:Creating prefix util module '/home/enriques/rs2/src/install/_local_setup_util_ps1.py'
[5.071s] INFO:colcon.colcon_core.shell:Creating prefix chain script '/home/enriques/rs2/src/install/setup.ps1'
[5.073s] INFO:colcon.colcon_core.shell:Creating prefix script '/home/enriques/rs2/src/install/local_setup.sh'
[5.074s] INFO:colcon.colcon_core.shell:Creating prefix util module '/home/enriques/rs2/src/install/_local_setup_util_sh.py'
[5.076s] INFO:colcon.colcon_core.shell:Creating prefix chain script '/home/enriques/rs2/src/install/setup.sh'
[5.079s] INFO:colcon.colcon_core.shell:Creating prefix script '/home/enriques/rs2/src/install/local_setup.bash'
[5.080s] INFO:colcon.colcon_core.shell:Creating prefix chain script '/home/enriques/rs2/src/install/setup.bash'
[5.083s] INFO:colcon.colcon_core.shell:Creating prefix script '/home/enriques/rs2/src/install/local_setup.zsh'
[5.085s] INFO:colcon.colcon_core.shell:Creating prefix chain script '/home/enriques/rs2/src/install/setup.zsh'
