[0.217s] DEBUG:colcon:Command line arguments: ['/usr/bin/colcon', 'build', '--symlink-install']
[0.217s] DEBUG:colcon:Parsed command line arguments: Namespace(log_base=None, log_level=None, verb_name='build', build_base='build', install_base='install', merge_install=False, symlink_install=True, test_result_base=None, continue_on_error=False, executor='parallel', parallel_workers=8, event_handlers=None, ignore_user_meta=False, metas=['./colcon.meta'], base_paths=['.'], packages_ignore=None, packages_ignore_regex=None, paths=None, packages_up_to=None, packages_up_to_regex=None, packages_above=None, packages_above_and_dependencies=None, packages_above_depth=None, packages_select_by_dep=None, packages_skip_by_dep=None, packages_skip_up_to=None, packages_select_build_failed=False, packages_skip_build_finished=False, packages_select_test_failures=False, packages_skip_test_passed=False, packages_select=None, packages_skip=None, packages_select_regex=None, packages_skip_regex=None, packages_start=None, packages_end=None, allow_overriding=[], cmake_args=None, cmake_target=None, cmake_target_skip_unavailable=False, cmake_clean_cache=False, cmake_clean_first=False, cmake_force_configure=False, ament_cmake_args=None, catkin_cmake_args=None, catkin_skip_building_tests=False, mixin_files=None, mixin=None, verb_parser=<colcon_mixin.mixin.mixin_argument.MixinArgumentDecorator object at 0x7982d934a4a0>, verb_extension=<colcon_core.verb.build.BuildVerb object at 0x7982d9349c90>, main=<bound method BuildVerb.main of <colcon_core.verb.build.BuildVerb object at 0x7982d9349c90>>, mixin_verb=('build',))
[0.416s] Level 1:colcon.colcon_core.package_discovery:discover_packages(colcon_meta) check parameters
[0.416s] Level 1:colcon.colcon_core.package_discovery:discover_packages(recursive) check parameters
[0.416s] Level 1:colcon.colcon_core.package_discovery:discover_packages(ignore) check parameters
[0.416s] Level 1:colcon.colcon_core.package_discovery:discover_packages(path) check parameters
[0.416s] Level 1:colcon.colcon_core.package_discovery:discover_packages(colcon_meta) discover
[0.416s] Level 1:colcon.colcon_core.package_discovery:discover_packages(recursive) discover
[0.417s] INFO:colcon.colcon_core.package_discovery:Crawling recursively for packages in '/home/enriques/rs2/src'
[0.417s] Level 1:colcon.colcon_core.package_identification:_identify(.) by extensions ['ignore', 'ignore_ament_install']
[0.417s] Level 1:colcon.colcon_core.package_identification:_identify(.) by extension 'ignore'
[0.417s] Level 1:colcon.colcon_core.package_identification:_identify(.) by extension 'ignore_ament_install'
[0.417s] Level 1:colcon.colcon_core.package_identification:_identify(.) by extensions ['colcon_pkg']
[0.417s] Level 1:colcon.colcon_core.package_identification:_identify(.) by extension 'colcon_pkg'
[0.417s] Level 1:colcon.colcon_core.package_identification:_identify(.) by extensions ['colcon_meta']
[0.417s] Level 1:colcon.colcon_core.package_identification:_identify(.) by extension 'colcon_meta'
[0.417s] Level 1:colcon.colcon_core.package_identification:_identify(.) by extensions ['ros']
[0.417s] Level 1:colcon.colcon_core.package_identification:_identify(.) by extension 'ros'
[0.428s] Level 1:colcon.colcon_core.package_identification:_identify(.) by extensions ['cmake', 'python']
[0.428s] Level 1:colcon.colcon_core.package_identification:_identify(.) by extension 'cmake'
[0.429s] Level 1:colcon.colcon_core.package_identification:_identify(.) by extension 'python'
[0.429s] Level 1:colcon.colcon_core.package_identification:_identify(.) by extensions ['python_setup_py']
[0.429s] Level 1:colcon.colcon_core.package_identification:_identify(.) by extension 'python_setup_py'
[0.429s] Level 1:colcon.colcon_core.package_identification:_identify(build) by extensions ['ignore', 'ignore_ament_install']
[0.429s] Level 1:colcon.colcon_core.package_identification:_identify(build) by extension 'ignore'
[0.429s] Level 1:colcon.colcon_core.package_identification:_identify(build) ignored
[0.429s] Level 1:colcon.colcon_core.package_identification:_identify(connect4_py) by extensions ['ignore', 'ignore_ament_install']
[0.429s] Level 1:colcon.colcon_core.package_identification:_identify(connect4_py) by extension 'ignore'
[0.429s] Level 1:colcon.colcon_core.package_identification:_identify(connect4_py) by extension 'ignore_ament_install'
[0.429s] Level 1:colcon.colcon_core.package_identification:_identify(connect4_py) by extensions ['colcon_pkg']
[0.429s] Level 1:colcon.colcon_core.package_identification:_identify(connect4_py) by extension 'colcon_pkg'
[0.430s] Level 1:colcon.colcon_core.package_identification:_identify(connect4_py) by extensions ['colcon_meta']
[0.430s] Level 1:colcon.colcon_core.package_identification:_identify(connect4_py) by extension 'colcon_meta'
[0.430s] Level 1:colcon.colcon_core.package_identification:_identify(connect4_py) by extensions ['ros']
[0.430s] Level 1:colcon.colcon_core.package_identification:_identify(connect4_py) by extension 'ros'
[0.435s] DEBUG:colcon.colcon_core.package_identification:Package 'connect4_py' with type 'ros.ament_python' and name 'connect4_py'
[0.435s] Level 1:colcon.colcon_core.package_identification:_identify(install) by extensions ['ignore', 'ignore_ament_install']
[0.436s] Level 1:colcon.colcon_core.package_identification:_identify(install) by extension 'ignore'
[0.436s] Level 1:colcon.colcon_core.package_identification:_identify(install) ignored
[0.436s] Level 1:colcon.colcon_core.package_identification:_identify(log) by extensions ['ignore', 'ignore_ament_install']
[0.436s] Level 1:colcon.colcon_core.package_identification:_identify(log) by extension 'ignore'
[0.436s] Level 1:colcon.colcon_core.package_identification:_identify(log) ignored
[0.436s] Level 1:colcon.colcon_core.package_discovery:discover_packages(recursive) using defaults
[0.436s] Level 1:colcon.colcon_core.package_discovery:discover_packages(ignore) discover
[0.436s] Level 1:colcon.colcon_core.package_discovery:discover_packages(ignore) using defaults
[0.436s] Level 1:colcon.colcon_core.package_discovery:discover_packages(path) discover
[0.436s] Level 1:colcon.colcon_core.package_discovery:discover_packages(path) using defaults
[0.491s] Level 1:colcon.colcon_core.package_discovery:discover_packages(prefix_path) check parameters
[0.491s] Level 1:colcon.colcon_core.package_discovery:discover_packages(prefix_path) discover
[0.494s] WARNING:colcon.colcon_ros.prefix_path.ament:The path '/home/enriques/rs2/src/install/connect4_py' in the environment variable AMENT_PREFIX_PATH doesn't exist
[0.496s] DEBUG:colcon.colcon_installed_package_information.package_discovery:Found 0 installed packages in /home/enriques/rs2/src/install
[0.496s] DEBUG:colcon.colcon_installed_package_information.package_discovery:Found 0 installed packages in /home/enriques/ros2_ws/install
[0.500s] DEBUG:colcon.colcon_installed_package_information.package_discovery:Found 318 installed packages in /opt/ros/humble
[0.504s] Level 1:colcon.colcon_core.package_discovery:discover_packages(prefix_path) using defaults
[0.596s] Level 5:colcon.colcon_core.verb:set package 'connect4_py' build argument 'cmake_args' from command line to 'None'
[0.596s] Level 5:colcon.colcon_core.verb:set package 'connect4_py' build argument 'cmake_target' from command line to 'None'
[0.596s] Level 5:colcon.colcon_core.verb:set package 'connect4_py' build argument 'cmake_target_skip_unavailable' from command line to 'False'
[0.596s] Level 5:colcon.colcon_core.verb:set package 'connect4_py' build argument 'cmake_clean_cache' from command line to 'False'
[0.596s] Level 5:colcon.colcon_core.verb:set package 'connect4_py' build argument 'cmake_clean_first' from command line to 'False'
[0.596s] Level 5:colcon.colcon_core.verb:set package 'connect4_py' build argument 'cmake_force_configure' from command line to 'False'
[0.596s] Level 5:colcon.colcon_core.verb:set package 'connect4_py' build argument 'ament_cmake_args' from command line to 'None'
[0.597s] Level 5:colcon.colcon_core.verb:set package 'connect4_py' build argument 'catkin_cmake_args' from command line to 'None'
[0.597s] Level 5:colcon.colcon_core.verb:set package 'connect4_py' build argument 'catkin_skip_building_tests' from command line to 'False'
[0.597s] DEBUG:colcon.colcon_core.verb:Building package 'connect4_py' with the following arguments: {'ament_cmake_args': None, 'build_base': '/home/enriques/rs2/src/build/connect4_py', 'catkin_cmake_args': None, 'catkin_skip_building_tests': False, 'cmake_args': None, 'cmake_clean_cache': False, 'cmake_clean_first': False, 'cmake_force_configure': False, 'cmake_target': None, 'cmake_target_skip_unavailable': False, 'install_base': '/home/enriques/rs2/src/install/connect4_py', 'merge_install': False, 'path': '/home/enriques/rs2/src/connect4_py', 'symlink_install': True, 'test_result_base': None}
[0.597s] INFO:colcon.colcon_core.executor:Executing jobs using 'parallel' executor
[0.599s] DEBUG:colcon.colcon_parallel_executor.executor.parallel:run_until_complete
[0.600s] INFO:colcon.colcon_ros.task.ament_python.build:Building ROS package in '/home/enriques/rs2/src/connect4_py' with build type 'ament_python'
[0.600s] Level 1:colcon.colcon_core.shell:create_environment_hook('connect4_py', 'ament_prefix_path')
[0.604s] INFO:colcon.colcon_core.plugin_system:Skipping extension 'colcon_core.shell.bat': Not used on non-Windows systems
[0.604s] INFO:colcon.colcon_core.shell:Creating environment hook '/home/enriques/rs2/src/install/connect4_py/share/connect4_py/hook/ament_prefix_path.ps1'
[0.609s] INFO:colcon.colcon_core.shell:Creating environment descriptor '/home/enriques/rs2/src/install/connect4_py/share/connect4_py/hook/ament_prefix_path.dsv'
[0.610s] INFO:colcon.colcon_core.shell:Creating environment hook '/home/enriques/rs2/src/install/connect4_py/share/connect4_py/hook/ament_prefix_path.sh'
[0.612s] INFO:colcon.colcon_core.shell:Skip shell extension 'powershell' for command environment: Not usable outside of PowerShell
[0.612s] DEBUG:colcon.colcon_core.shell:Skip shell extension 'dsv' for command environment
[0.996s] INFO:colcon.colcon_core.task.python.build:Building Python package in '/home/enriques/rs2/src/connect4_py'
[0.997s] INFO:colcon.colcon_core.shell:Skip shell extension 'powershell' for command environment: Not usable outside of PowerShell
[0.997s] DEBUG:colcon.colcon_core.shell:Skip shell extension 'dsv' for command environment
[1.461s] DEBUG:colcon.colcon_core.event_handler.log_command:Invoking command in '/home/enriques/rs2/src/build/connect4_py': PYTHONPATH=/home/enriques/rs2/src/build/connect4_py/prefix_override:/usr/lib/python3/dist-packages/colcon_core/task/python/colcon_distutils_commands:/home/enriques/rs2/src/install/connect4_py/lib/python3.10/site-packages:${PYTHONPATH} /usr/bin/python3 -W ignore:setup.py install is deprecated -W ignore:easy_install command is deprecated setup.py develop --editable --build-directory /home/enriques/rs2/src/build/connect4_py/build --no-deps symlink_data
[2.164s] Level 1:colcon.colcon_core.shell:create_environment_hook('connect4_py', 'pythonpath_develop')
[2.164s] INFO:colcon.colcon_core.shell:Creating environment hook '/home/enriques/rs2/src/build/connect4_py/share/connect4_py/hook/pythonpath_develop.ps1'
[2.165s] DEBUG:colcon.colcon_core.event_handler.log_command:Invoked command in '/home/enriques/rs2/src/build/connect4_py' returned '0': PYTHONPATH=/home/enriques/rs2/src/build/connect4_py/prefix_override:/usr/lib/python3/dist-packages/colcon_core/task/python/colcon_distutils_commands:/home/enriques/rs2/src/install/connect4_py/lib/python3.10/site-packages:${PYTHONPATH} /usr/bin/python3 -W ignore:setup.py install is deprecated -W ignore:easy_install command is deprecated setup.py develop --editable --build-directory /home/enriques/rs2/src/build/connect4_py/build --no-deps symlink_data
[2.169s] INFO:colcon.colcon_core.shell:Creating environment descriptor '/home/enriques/rs2/src/build/connect4_py/share/connect4_py/hook/pythonpath_develop.dsv'
[2.169s] INFO:colcon.colcon_core.shell:Creating environment hook '/home/enriques/rs2/src/build/connect4_py/share/connect4_py/hook/pythonpath_develop.sh'
[2.174s] Level 1:colcon.colcon_core.environment:checking '/home/enriques/rs2/src/install/connect4_py' for CMake module files
[2.174s] Level 1:colcon.colcon_core.environment:checking '/home/enriques/rs2/src/install/connect4_py' for CMake config files
[2.175s] Level 1:colcon.colcon_core.environment:checking '/home/enriques/rs2/src/install/connect4_py/lib'
[2.175s] Level 1:colcon.colcon_core.environment:checking '/home/enriques/rs2/src/install/connect4_py/bin'
[2.176s] Level 1:colcon.colcon_core.environment:checking '/home/enriques/rs2/src/install/connect4_py/lib/pkgconfig/connect4_py.pc'
[2.176s] Level 1:colcon.colcon_core.environment:checking '/home/enriques/rs2/src/install/connect4_py/lib/python3.10/site-packages'
[2.176s] Level 1:colcon.colcon_core.shell:create_environment_hook('connect4_py', 'pythonpath')
[2.177s] INFO:colcon.colcon_core.shell:Creating environment hook '/home/enriques/rs2/src/install/connect4_py/share/connect4_py/hook/pythonpath.ps1'
[2.177s] INFO:colcon.colcon_core.shell:Creating environment descriptor '/home/enriques/rs2/src/install/connect4_py/share/connect4_py/hook/pythonpath.dsv'
[2.178s] INFO:colcon.colcon_core.shell:Creating environment hook '/home/enriques/rs2/src/install/connect4_py/share/connect4_py/hook/pythonpath.sh'
[2.179s] Level 1:colcon.colcon_core.environment:checking '/home/enriques/rs2/src/install/connect4_py/bin'
[2.179s] Level 1:colcon.colcon_core.environment:create_environment_scripts_only(connect4_py)
[2.180s] INFO:colcon.colcon_core.shell:Creating package script '/home/enriques/rs2/src/install/connect4_py/share/connect4_py/package.ps1'
[2.182s] INFO:colcon.colcon_core.shell:Creating package descriptor '/home/enriques/rs2/src/install/connect4_py/share/connect4_py/package.dsv'
[2.183s] INFO:colcon.colcon_core.shell:Creating package script '/home/enriques/rs2/src/install/connect4_py/share/connect4_py/package.sh'
[2.184s] INFO:colcon.colcon_core.shell:Creating package script '/home/enriques/rs2/src/install/connect4_py/share/connect4_py/package.bash'
[2.186s] INFO:colcon.colcon_core.shell:Creating package script '/home/enriques/rs2/src/install/connect4_py/share/connect4_py/package.zsh'
[2.188s] Level 1:colcon.colcon_core.environment:create_file_with_runtime_dependencies(/home/enriques/rs2/src/install/connect4_py/share/colcon-core/packages/connect4_py)
[2.189s] DEBUG:colcon.colcon_parallel_executor.executor.parallel:closing loop
[2.191s] DEBUG:colcon.colcon_parallel_executor.executor.parallel:loop closed
[2.191s] DEBUG:colcon.colcon_parallel_executor.executor.parallel:run_until_complete finished with '0'
[2.191s] DEBUG:colcon.colcon_core.event_reactor:joining thread
[2.229s] INFO:colcon.colcon_core.plugin_system:Skipping extension 'colcon_notification.desktop_notification.notify_send': Could not find 'notify-send'
[2.230s] INFO:colcon.colcon_core.plugin_system:Skipping extension 'colcon_notification.desktop_notification.terminal_notifier': Not used on non-Darwin systems
[2.230s] INFO:colcon.colcon_core.plugin_system:Skipping extension 'colcon_notification.desktop_notification.win32': Not used on non-Windows systems
[2.230s] INFO:colcon.colcon_notification.desktop_notification:Sending desktop notification using 'notify2'
[2.231s] DEBUG:colcon.colcon_notification.desktop_notification.notify2:Failed to initialize notify2: org.freedesktop.DBus.Error.ServiceUnknown: The name org.freedesktop.Notifications was not provided by any .service files
[2.231s] DEBUG:colcon.colcon_core.event_reactor:joined thread
[2.232s] INFO:colcon.colcon_core.shell:Creating prefix script '/home/enriques/rs2/src/install/local_setup.ps1'
[2.233s] INFO:colcon.colcon_core.shell:Creating prefix util module '/home/enriques/rs2/src/install/_local_setup_util_ps1.py'
[2.235s] INFO:colcon.colcon_core.shell:Creating prefix chain script '/home/enriques/rs2/src/install/setup.ps1'
[2.237s] INFO:colcon.colcon_core.shell:Creating prefix script '/home/enriques/rs2/src/install/local_setup.sh'
[2.237s] INFO:colcon.colcon_core.shell:Creating prefix util module '/home/enriques/rs2/src/install/_local_setup_util_sh.py'
[2.238s] INFO:colcon.colcon_core.shell:Creating prefix chain script '/home/enriques/rs2/src/install/setup.sh'
[2.240s] INFO:colcon.colcon_core.shell:Creating prefix script '/home/enriques/rs2/src/install/local_setup.bash'
[2.241s] INFO:colcon.colcon_core.shell:Creating prefix chain script '/home/enriques/rs2/src/install/setup.bash'
[2.242s] INFO:colcon.colcon_core.shell:Creating prefix script '/home/enriques/rs2/src/install/local_setup.zsh'
[2.243s] INFO:colcon.colcon_core.shell:Creating prefix chain script '/home/enriques/rs2/src/install/setup.zsh'
