[1.940s] Invoking command in '/home/enriques/rs2/src/build/connect4_py': PYTHONPATH=/home/enriques/rs2/src/build/connect4_py/prefix_override:/usr/lib/python3/dist-packages/colcon_core/task/python/colcon_distutils_commands:/home/enriques/rs2/src/install/connect4_py/lib/python3.10/site-packages:${PYTHONPATH} /usr/bin/python3 -W ignore:setup.py install is deprecated -W ignore:easy_install command is deprecated setup.py develop --editable --build-directory /home/enriques/rs2/src/build/connect4_py/build --no-deps symlink_data
[2.705s] running develop
[3.143s] running egg_info
[3.143s] creating connect4_py.egg-info
[3.144s] writing connect4_py.egg-info/PKG-INFO
[3.145s] writing dependency_links to connect4_py.egg-info/dependency_links.txt
[3.146s] writing entry points to connect4_py.egg-info/entry_points.txt
[3.146s] writing requirements to connect4_py.egg-info/requires.txt
[3.147s] writing top-level names to connect4_py.egg-info/top_level.txt
[3.147s] writing manifest file 'connect4_py.egg-info/SOURCES.txt'
[3.151s] reading manifest file 'connect4_py.egg-info/SOURCES.txt'
[3.153s] writing manifest file 'connect4_py.egg-info/SOURCES.txt'
[3.158s] running build_ext
[3.159s] Creating /home/enriques/rs2/src/install/connect4_py/lib/python3.10/site-packages/connect4-py.egg-link (link to .)
[3.160s] Installing connect4_node script to /home/enriques/rs2/src/install/connect4_py/lib/connect4_py
[3.161s] 
[3.161s] Installed /home/enriques/rs2/src/build/connect4_py
[3.162s] running symlink_data
[3.162s] creating /home/enriques/rs2/src/install/connect4_py/share/ament_index
[3.162s] creating /home/enriques/rs2/src/install/connect4_py/share/ament_index/resource_index
[3.163s] creating /home/enriques/rs2/src/install/connect4_py/share/ament_index/resource_index/packages
[3.164s] symbolically linking /home/enriques/rs2/src/build/connect4_py/resource/connect4_py -> /home/enriques/rs2/src/install/connect4_py/share/ament_index/resource_index/packages
[3.165s] symbolically linking /home/enriques/rs2/src/build/connect4_py/package.xml -> /home/enriques/rs2/src/install/connect4_py/share/connect4_py
[3.232s] Invoked command in '/home/enriques/rs2/src/build/connect4_py' returned '0': PYTHONPATH=/home/enriques/rs2/src/build/connect4_py/prefix_override:/usr/lib/python3/dist-packages/colcon_core/task/python/colcon_distutils_commands:/home/enriques/rs2/src/install/connect4_py/lib/python3.10/site-packages:${PYTHONPATH} /usr/bin/python3 -W ignore:setup.py install is deprecated -W ignore:easy_install command is deprecated setup.py develop --editable --build-directory /home/enriques/rs2/src/build/connect4_py/build --no-deps symlink_data
